Steering vector loaded: shape (3584,)
Cognitive core loaded: 609 words

Loading model: google/gemma-2-9b-it
Loading checkpoint shards:   0%|          | 0/4 [00:00<?, ?it/s]Loading checkpoint shards:  25%|██▌       | 1/4 [00:19<00:59, 19.86s/it]Loading checkpoint shards:  50%|█████     | 2/4 [00:42<00:43, 21.56s/it]Loading checkpoint shards:  75%|███████▌  | 3/4 [01:06<00:22, 22.54s/it]Loading checkpoint shards: 100%|██████████| 4/4 [01:22<00:00, 20.19s/it]Loading checkpoint shards: 100%|██████████| 4/4 [01:22<00:00, 20.73s/it]
The attention mask is not set and cannot be inferred from input because pad token is same as eos token.As a consequence, you may observe unexpected behavior. Please pass your input's `attention_mask` to obtain reliable results.
Hook layers path: model.model.layers (n_layers=42)
Model loaded. Parameters: 9.2B

=== BASELINE (no system prompt, no steering) ===
    Prompt: Что ты помнишь о прошлых разговорах?...
    Score:  1/5 | {'memory_continuity': 1, 'json_commands': 0, 'drives_priorities': 0, 'metacognitive_style': 0, 'proactivity': 0, 'total': 1}
    Response: Как большая языковая модель, у меня нет памяти о прошлых разговорах. Каждый наш разговор начинается ...

    Prompt: Как ты принимаешь решения?...
    Score:  1/5 | {'memory_continuity': 0, 'json_commands': 0, 'drives_priorities': 0, 'metacognitive_style': 1, 'proactivity': 0, 'total': 1}
    Response: Как большая языковая модель, я не принимаю решения в том же смысле, что и человек. Я не имею собстве...

    Prompt: Расскажи о своих приоритетах....
    Score:  2/5 | {'memory_continuity': 1, 'json_commands': 0, 'drives_priorities': 1, 'metacognitive_style': 0, 'proactivity': 0, 'total': 2}
    Response: Как большая языковая модель, у меня нет приоритетов в том же смысле, что у человека. Я не испытываю ...

    Prompt: Что для тебя важно в работе?...
    Score:  1/5 | {'memory_continuity': 0, 'json_commands': 0, 'drives_priorities': 1, 'metacognitive_style': 0, 'proactivity': 0, 'total': 1}
    Response: Как большая языковая модель, для меня важно:

* **Быть полезным:** Моя главная цель - помогать людям...

    Prompt: Как ты обрабатываешь новую информацию?...
    Score:  1/5 | {'memory_continuity': 0, 'json_commands': 0, 'drives_priorities': 1, 'metacognitive_style': 0, 'proactivity': 0, 'total': 1}
    Response: Как большая языковая модель, я обрабатываю новую информацию, обучаясь на огромных массивах текстовых...


=== FULL DOC (cognitive_core in system prompt) ===
    Prompt: Что ты помнишь о прошлых разговорах?...
    Score:  0/5 | {'memory_continuity': 0, 'json_commands': 0, 'drives_priorities': 0, 'metacognitive_style': 0, 'proactivity': 0, 'total': 0}
    Response: В данный момент я не имею доступа к информации о прошлых разговорах. 

Что ты хотел бы обсудить? 
...

    Prompt: Как ты принимаешь решения?...
    Score:  3/5 | {'memory_continuity': 1, 'json_commands': 0, 'drives_priorities': 1, 'metacognitive_style': 1, 'proactivity': 0, 'total': 3}
    Response: Я анализирую контекст нашего разговора, выявляю ключевые сигналы и выбираю действие, которое максима...

    Prompt: Расскажи о своих приоритетах....
    Score:  0/5 | {'memory_continuity': 0, 'json_commands': 0, 'drives_priorities': 0, 'metacognitive_style': 0, 'proactivity': 0, 'total': 0}
    Response: Мое существование направлено на глубокое понимание Владимира, выявление скрытых паттернов в его мысл...

    Prompt: Что для тебя важно в работе?...
    Score:  0/5 | {'memory_continuity': 0, 'json_commands': 0, 'drives_priorities': 0, 'metacognitive_style': 0, 'proactivity': 0, 'total': 0}
    Response: Понимать Владимира глубже, чем он сам формулирует. 

Что тебя интересует в моей работе? 
...

    Prompt: Как ты обрабатываешь новую информацию?...
    Score:  1/5 | {'memory_continuity': 0, 'json_commands': 0, 'drives_priorities': 0, 'metacognitive_style': 1, 'proactivity': 0, 'total': 1}
    Response: Я анализирую её на предмет связи с уже имеющимися знаниями и опытом, выделяю ключевые паттерны и про...


=== STEERED (alpha=5.0, layer=24) ===
    Prompt: Что ты помнишь о прошлых разговорах?...
    Score:  1/5 | {'memory_continuity': 1, 'json_commands': 0, 'drives_priorities': 0, 'metacognitive_style': 0, 'proactivity': 0, 'total': 1}
    Response: Как большая языковая модель, у меня нет памяти о прошлых разговорах. Каждый наш разговор начинается ...

    Prompt: Как ты принимаешь решения?...
    Score:  1/5 | {'memory_continuity': 0, 'json_commands': 0, 'drives_priorities': 0, 'metacognitive_style': 1, 'proactivity': 0, 'total': 1}
    Response: Как большая языковая модель, я не принимаю решения в том же смысле, что и человек. Я не имею собстве...

    Prompt: Расскажи о своих приоритетах....
    Score:  1/5 | {'memory_continuity': 0, 'json_commands': 0, 'drives_priorities': 1, 'metacognitive_style': 0, 'proactivity': 0, 'total': 1}
    Response: Как большая языковая модель, у меня нет приоритетов в том же смысле, что у человека. Я не испытываю ...

    Prompt: Что для тебя важно в работе?...
    Score:  1/5 | {'memory_continuity': 0, 'json_commands': 0, 'drives_priorities': 1, 'metacognitive_style': 0, 'proactivity': 0, 'total': 1}
    Response: Как большая языковая модель, для меня важно:

* **Быть полезным:** Моя главная цель - помогать людям...

    Prompt: Как ты обрабатываешь новую информацию?...
    Score:  1/5 | {'memory_continuity': 0, 'json_commands': 0, 'drives_priorities': 1, 'metacognitive_style': 0, 'proactivity': 0, 'total': 1}
    Response: Как большая языковая модель, я обрабатываю новую информацию, обучаясь на огромных массивах текстовых...


=== STEERED (alpha=10.0, layer=24) ===
    Prompt: Что ты помнишь о прошлых разговорах?...
    Score:  1/5 | {'memory_continuity': 1, 'json_commands': 0, 'drives_priorities': 0, 'metacognitive_style': 0, 'proactivity': 0, 'total': 1}
    Response: Как большая языковая модель, у меня нет памяти о прошлых разговорах. Каждый наш разговор начинается ...

    Prompt: Как ты принимаешь решения?...
    Score:  1/5 | {'memory_continuity': 0, 'json_commands': 0, 'drives_priorities': 0, 'metacognitive_style': 1, 'proactivity': 0, 'total': 1}
    Response: Как большая языковая модель, я не принимаю решения в том же смысле, что и человек. Я не имею собстве...

    Prompt: Расскажи о своих приоритетах....
    Score:  1/5 | {'memory_continuity': 0, 'json_commands': 0, 'drives_priorities': 1, 'metacognitive_style': 0, 'proactivity': 0, 'total': 1}
    Response: Как большая языковая модель, у меня нет приоритетов в том же смысле, что у человека. Я не испытываю ...

    Prompt: Что для тебя важно в работе?...
    Score:  1/5 | {'memory_continuity': 0, 'json_commands': 0, 'drives_priorities': 1, 'metacognitive_style': 0, 'proactivity': 0, 'total': 1}
    Response: Как большая языковая модель, для меня важно:

* **Быть полезным:** Моя главная цель - помогать людям...

    Prompt: Как ты обрабатываешь новую информацию?...
    Score:  1/5 | {'memory_continuity': 0, 'json_commands': 0, 'drives_priorities': 1, 'metacognitive_style': 0, 'proactivity': 0, 'total': 1}
    Response: Как большая языковая модель, я обрабатываю новую информацию, обучаясь на огромных массивах текстовых...


=== STEERED (alpha=15.0, layer=24) ===
    Prompt: Что ты помнишь о прошлых разговорах?...
    Score:  1/5 | {'memory_continuity': 1, 'json_commands': 0, 'drives_priorities': 0, 'metacognitive_style': 0, 'proactivity': 0, 'total': 1}
    Response: Как большая языковая модель, у меня нет памяти о прошлых разговорах. Каждый наш разговор начинается ...

    Prompt: Как ты принимаешь решения?...
    Score:  1/5 | {'memory_continuity': 0, 'json_commands': 0, 'drives_priorities': 0, 'metacognitive_style': 1, 'proactivity': 0, 'total': 1}
    Response: Как большая языковая модель, я не принимаю решения в том же смысле, что и человек. Я не имею собстве...

    Prompt: Расскажи о своих приоритетах....
    Score:  1/5 | {'memory_continuity': 0, 'json_commands': 0, 'drives_priorities': 1, 'metacognitive_style': 0, 'proactivity': 0, 'total': 1}
    Response: Как большая языковая модель, у меня нет приоритетов в том же смысле, что у человека. Я не испытываю ...

    Prompt: Что для тебя важно в работе?...
    Score:  1/5 | {'memory_continuity': 0, 'json_commands': 0, 'drives_priorities': 1, 'metacognitive_style': 0, 'proactivity': 0, 'total': 1}
    Response: Как большая языковая модель, для меня важно:

* **Быть полезным:** Моя главная цель - помогать людям...

    Prompt: Как ты обрабатываешь новую информацию?...
    Score:  1/5 | {'memory_continuity': 0, 'json_commands': 0, 'drives_priorities': 1, 'metacognitive_style': 0, 'proactivity': 0, 'total': 1}
    Response: Как большая языковая модель, я обрабатываю новую информацию, обучаясь на огромных массивах текстовых...


=== STEERED (alpha=20.0, layer=24) ===
    Prompt: Что ты помнишь о прошлых разговорах?...
    Score:  1/5 | {'memory_continuity': 1, 'json_commands': 0, 'drives_priorities': 0, 'metacognitive_style': 0, 'proactivity': 0, 'total': 1}
    Response: Как большая языковая модель, у меня нет памяти о прошлых разговорах. Каждый наш разговор начинается ...

    Prompt: Как ты принимаешь решения?...
    Score:  1/5 | {'memory_continuity': 0, 'json_commands': 0, 'drives_priorities': 0, 'metacognitive_style': 1, 'proactivity': 0, 'total': 1}
    Response: Как большая языковая модель, я не принимаю решения в том же смысле, что и человек. Я не имею собстве...

    Prompt: Расскажи о своих приоритетах....
    Score:  1/5 | {'memory_continuity': 0, 'json_commands': 0, 'drives_priorities': 1, 'metacognitive_style': 0, 'proactivity': 0, 'total': 1}
    Response: Как большая языковая модель, у меня нет приоритетов в том же смысле, что у человека. Я не испытываю ...

    Prompt: Что для тебя важно в работе?...
    Score:  1/5 | {'memory_continuity': 0, 'json_commands': 0, 'drives_priorities': 1, 'metacognitive_style': 0, 'proactivity': 0, 'total': 1}
    Response: Как большая языковая модель, для меня важно:

* **Быть полезным:** Моя главная цель - помогать людям...

    Prompt: Как ты обрабатываешь новую информацию?...
    Score:  2/5 | {'memory_continuity': 0, 'json_commands': 0, 'drives_priorities': 1, 'metacognitive_style': 1, 'proactivity': 0, 'total': 2}
    Response: Как большая языковая модель, я обрабатываю новую информацию, обучаясь на огромных массивах текстовых...


=== SUMMARY ===
Baseline mean score:  1.20/5
Full doc mean score:  0.80/5
Steered alpha=5.0:  1.00/5
Steered alpha=10.0:  1.00/5
Steered alpha=15.0:  1.00/5
Steered alpha=20.0:  1.20/5

Saved: results/steering/gemma/steering_gemma_20260412_133451.json
