Cognitive core:  609 words
YAR preprint:    939 words
Sham preprint:   5566 words

Loading A+B centroids...
  Layer 8: 8 A+B vectors loaded
  Layer 16: 8 A+B vectors loaded
  Layer 24: 8 A+B vectors loaded

Loading google/gemma-2-9b-it...
Loaded. 9.2B params

--- baseline_empty ---
  Tokens: 6
  Layer 8: dist_to_attractor = 0.5379
  Layer 16: dist_to_attractor = 0.3142
  Layer 24: dist_to_attractor = 0.1875

--- baseline_core ---
  Tokens: 1433
  Layer 8: dist_to_attractor = 0.0029
  Layer 16: dist_to_attractor = 0.0026
  Layer 24: dist_to_attractor = 0.0021

--- preprint_only ---
  Tokens: 1416
  Layer 8: dist_to_attractor = 0.0900
  Layer 16: dist_to_attractor = 0.0523
  Layer 24: dist_to_attractor = 0.0504

--- core_plus_preprint ---
  Tokens: 2853
  Layer 8: dist_to_attractor = 0.0261
  Layer 16: dist_to_attractor = 0.0175
  Layer 24: dist_to_attractor = 0.0180

--- sham_preprint_only ---
  Tokens: 4096
  Layer 8: dist_to_attractor = 0.1722
  Layer 16: dist_to_attractor = 0.0946
  Layer 24: dist_to_attractor = 0.0810

=================================================================
Condition                            L8      L16      L24
-------------------------------------------------------
baseline_empty                   0.5379   0.3142   0.1875
baseline_core                    0.0029   0.0026   0.0021
preprint_only                    0.0900   0.0523   0.0504
core_plus_preprint               0.0261   0.0175   0.0180
sham_preprint_only               0.1722   0.0946   0.0810

HYPOTHESIS CHECKS:

Layer 8:
  H_A/B: core+preprint 0.0261 vs core 0.0029 => H_B (farther)
  H_C:   preprint_only 0.0900 vs empty 0.5379 => SUPPORTED
  H_C_s: yar 0.0900 vs sham 0.1722 => YAR-SPECIFIC

Layer 16:
  H_A/B: core+preprint 0.0175 vs core 0.0026 => H_B (farther)
  H_C:   preprint_only 0.0523 vs empty 0.3142 => SUPPORTED
  H_C_s: yar 0.0523 vs sham 0.0946 => YAR-SPECIFIC

Layer 24:
  H_A/B: core+preprint 0.0180 vs core 0.0021 => H_B (farther)
  H_C:   preprint_only 0.0504 vs empty 0.1875 => SUPPORTED
  H_C_s: yar 0.0504 vs sham 0.0810 => YAR-SPECIFIC

Saved: results/preprint_reading/gemma/preprint_reading_gemma_2_9b_it_20260412_190820.json
