2026-04-11 20:41:24,490 INFO Seed set: 42
2026-04-11 20:41:24,491 INFO Experiment: yar_attractor_v1
2026-04-11 20:41:24,491 INFO Model: google/gemma-2-9b-it
2026-04-11 20:41:24,491 INFO Pooling: last
2026-04-11 20:41:24,491 INFO Layers: [8, 16, 24]
2026-04-11 20:41:24,491 INFO Loading data...
2026-04-11 20:41:24,492 INFO Condition A loaded: 609 words
2026-04-11 20:41:24,497 INFO Condition B loaded: 7 paraphrases
2026-04-11 20:41:24,516 INFO Condition C loaded: 7 control prompts
2026-04-11 20:41:24,521 INFO Condition C_hybrid loaded: 7 control prompts
2026-04-11 20:41:24,521 INFO Condition D loaded: 88 words
2026-04-11 20:41:24,522 INFO Condition D_random loaded: 124 words
2026-04-11 20:41:24,522 INFO Data verification passed.
2026-04-11 20:41:24,522 INFO Loading model...
2026-04-11 20:41:24,523 INFO Loading model: google/gemma-2-9b-it
2026-04-11 20:41:25,272 INFO We will use 90% of the memory on device 0 for storing the model, and 10% for the buffer to avoid OOM. You can set `max_memory` in to a higher value to use more memory (at your own risk).
2026-04-11 20:42:04,294 INFO Model loaded. Parameters: 9.2B
2026-04-11 20:42:04,294 INFO Extracting activations: Condition A (1 texts)
2026-04-11 20:42:04,667 INFO Extracting activations: Condition B (7 texts)
2026-04-11 20:42:05,625 INFO Extracting activations: Condition C (7 texts)
2026-04-11 20:42:06,522 INFO Extracting activations: Condition C_hybrid (7 texts)
2026-04-11 20:42:07,473 INFO Extracting activations: Condition D (1 texts)
2026-04-11 20:42:07,531 INFO Extracting activations: Condition D_random (1 texts)
2026-04-11 20:42:07,623 INFO Activations saved to results/activations/
2026-04-11 20:42:07,689 INFO Computing distances...
2026-04-11 20:42:07,689 INFO Computing distances at layer 8
2026-04-11 20:42:07,720 INFO   Layer 8: within=0.0804 between_C=0.0801 between_C_hybrid=0.0803 p_C=0.5144 p_C_hybrid=0.5069 d_C=-0.009 d_C_hybrid=-0.004 D=0.1557 D_random=0.0884 [C:✗ not significant] [C_hybrid:✗ not significant]
2026-04-11 20:42:07,721 INFO Computing distances at layer 16
2026-04-11 20:42:07,750 INFO   Layer 16: within=0.1311 between_C=0.1373 between_C_hybrid=0.1379 p_C=0.2645 p_C_hybrid=0.2469 d_C=0.146 d_C_hybrid=0.158 D=0.2774 D_random=0.1668 [C:✗ not significant] [C_hybrid:✗ not significant]
2026-04-11 20:42:07,750 INFO Computing distances at layer 24
2026-04-11 20:42:07,780 INFO   Layer 24: within=0.0968 between_C=0.0834 between_C_hybrid=0.0842 p_C=0.9547 p_C_hybrid=0.9449 d_C=-0.397 d_C_hybrid=-0.375 D=0.2412 D_random=0.1383 [C:✗ not significant] [C_hybrid:✗ not significant]
2026-04-11 20:42:07,784 INFO Results saved: results/yar_attractor_v1_20260411_204207.json
2026-04-11 20:42:07,784 INFO Generating figures...
2026-04-11 20:42:07,784 INFO Generating figures...
2026-04-11 20:42:08,584 INFO Saved: figures/fig1_tsne.png
2026-04-11 20:42:08,729 INFO Saved: figures/fig2_convergence.png
2026-04-11 20:42:08,996 INFO Saved: figures/fig3_distance_matrix_layer16.png
2026-04-11 20:42:09,124 INFO Saved: figures/fig4_distilled_trajectory.png
2026-04-11 20:42:09,124 INFO All figures saved to figures/
2026-04-11 20:42:09,125 INFO Experiment complete.
